// Jest Snapshot v1, https://goo.gl/fbAQLP

exports[`<Button /> render button with text 1`] = `
<div>
  <button
    class="btn btn-primary"
  >
    Click Me
  </button>
</div>
`;
